
> my-app@0.0.0 build
> next build

   ▲ Next.js 15.5.12
   - Environments: .env

   Creating an optimized production build ...
Failed to compile.

./src/app/api/kundli/pdf/route.ts
Module not found: Can't resolve 'pdf-lib'

https://nextjs.org/docs/messages/module-not-found


> Build failed because of webpack errors
